#-----------------------------------------------------------
# Webtalk v2019.2 (64-bit)
# SW Build 2708876 on Wed Nov  6 21:40:23 MST 2019
# IP Build 2700528 on Thu Nov  7 00:09:20 MST 2019
# Start of session at: Sun Jan  9 19:42:23 2022
# Process ID: 9980
# Current directory: C:/Users/13773/Desktop/corn/wwx_cpu/wwx_cpu/main_cpu_5/main_cpu_5.sim/sim_1/behav/xsim
# Command line: wbtcv.exe -mode batch -source C:/Users/13773/Desktop/corn/wwx_cpu/wwx_cpu/main_cpu_5/main_cpu_5.sim/sim_1/behav/xsim/xsim.dir/tb_small_cpu_behav/webtalk/xsim_webtalk.tcl -notrace
# Log file: C:/Users/13773/Desktop/corn/wwx_cpu/wwx_cpu/main_cpu_5/main_cpu_5.sim/sim_1/behav/xsim/webtalk.log
# Journal file: C:/Users/13773/Desktop/corn/wwx_cpu/wwx_cpu/main_cpu_5/main_cpu_5.sim/sim_1/behav/xsim\webtalk.jou
#-----------------------------------------------------------
source C:/Users/13773/Desktop/corn/wwx_cpu/wwx_cpu/main_cpu_5/main_cpu_5.sim/sim_1/behav/xsim/xsim.dir/tb_small_cpu_behav/webtalk/xsim_webtalk.tcl -notrace
